kz\proctoring\controller\ExamController.class
kz\proctoring\service\UserService.class
kz\proctoring\domain\entity\ExamSession.class
kz\proctoring\dto\response\AuthResponse.class
kz\proctoring\dto\response\AuthResponse$AuthResponseBuilder.class
kz\proctoring\domain\enums\SessionStatus.class
kz\proctoring\dto\response\AuditLogResponse.class
kz\proctoring\config\SecurityConfig.class
kz\proctoring\service\AuditService.class
kz\proctoring\service\SessionService$1.class
kz\proctoring\config\RedisConfig.class
kz\proctoring\domain\entity\Exam$ExamBuilderImpl.class
kz\proctoring\domain\entity\SessionEvent$SessionEventBuilder.class
kz\proctoring\repository\ExamRepository.class
kz\proctoring\dto\request\LoginRequest.class
kz\proctoring\domain\entity\User$UserBuilder.class
kz\proctoring\domain\enums\EventType.class
kz\proctoring\controller\SessionController.class
kz\proctoring\domain\entity\User$UserBuilderImpl.class
kz\proctoring\mapper\ExamMapperImpl.class
kz\proctoring\dto\response\SessionResponse.class
kz\proctoring\kafka\ProctoringEventConsumer.class
kz\proctoring\domain\entity\Exam.class
kz\proctoring\dto\response\SessionEventResponse$SessionEventResponseBuilder.class
kz\proctoring\security\JwtService.class
kz\proctoring\domain\entity\BaseEntity.class
kz\proctoring\domain\enums\AuditAction.class
kz\proctoring\dto\request\UpdateEmailRequest.class
kz\proctoring\mapper\SessionMapperImpl.class
kz\proctoring\mapper\UserMapperImpl.class
kz\proctoring\mapper\SessionMapper.class
kz\proctoring\domain\entity\User.class
kz\proctoring\kafka\ProctoringEvent.class
kz\proctoring\repository\AuditLogRepository.class
kz\proctoring\kafka\ProctoringEvent$ProctoringEventBuilder.class
kz\proctoring\controller\AuditController.class
kz\proctoring\dto\response\SessionReportResponse.class
kz\proctoring\exception\AppException.class
kz\proctoring\dto\response\ExamResponse.class
kz\proctoring\dto\request\ExamRequest.class
kz\proctoring\dto\response\AuditLogResponse$AuditLogResponseBuilder.class
kz\proctoring\dto\response\UserResponse.class
kz\proctoring\mapper\ExamMapper.class
kz\proctoring\dto\response\SessionResponse$SessionResponseBuilder.class
kz\proctoring\exception\GlobalExceptionHandler.class
kz\proctoring\domain\entity\SessionEvent$SessionEventBuilderImpl.class
kz\proctoring\domain\entity\BaseEntity$BaseEntityBuilder.class
kz\proctoring\domain\entity\ExamSession$ExamSessionBuilderImpl.class
kz\proctoring\domain\enums\Role.class
kz\proctoring\service\AuthService.class
kz\proctoring\domain\enums\EventSeverity.class
kz\proctoring\domain\entity\Exam$ExamBuilder.class
kz\proctoring\dto\response\ApiResponse$ApiResponseBuilder.class
kz\proctoring\mapper\SessionEventMapperImpl.class
kz\proctoring\ProctoringApplication.class
kz\proctoring\config\AppConfig.class
kz\proctoring\service\ExamService.class
kz\proctoring\repository\ExamSessionRepository.class
kz\proctoring\dto\response\SessionEventResponse.class
kz\proctoring\domain\entity\ExamSession$ExamSessionBuilder.class
kz\proctoring\dto\response\UserResponse$UserResponseBuilder.class
kz\proctoring\repository\UserRepository.class
kz\proctoring\dto\request\SessionEventRequest.class
kz\proctoring\security\JwtAuthFilter.class
kz\proctoring\dto\request\RefreshTokenRequest.class
kz\proctoring\domain\entity\SessionEvent.class
kz\proctoring\dto\response\ExamResponse$ExamResponseBuilder.class
kz\proctoring\dto\response\SessionReportResponse$SessionReportResponseBuilder.class
kz\proctoring\mapper\UserMapper.class
kz\proctoring\dto\request\RegisterRequest.class
kz\proctoring\security\UserDetailsServiceImpl.class
kz\proctoring\controller\AuthController.class
kz\proctoring\mapper\SessionEventMapper.class
kz\proctoring\dto\request\ChangePasswordRequest.class
kz\proctoring\domain\entity\AuditLog.class
kz\proctoring\service\SessionService.class
kz\proctoring\controller\UserController.class
kz\proctoring\domain\entity\AuditLog$AuditLogBuilder.class
kz\proctoring\dto\response\ApiResponse.class
kz\proctoring\repository\SessionEventRepository.class
