C:\Users\prpl\Desktop\proctoring-system2\src\main\java\kz\proctoring\config\AppConfig.java
C:\Users\prpl\Desktop\proctoring-system2\src\main\java\kz\proctoring\config\RedisConfig.java
C:\Users\prpl\Desktop\proctoring-system2\src\main\java\kz\proctoring\config\SecurityConfig.java
C:\Users\prpl\Desktop\proctoring-system2\src\main\java\kz\proctoring\controller\AuditController.java
C:\Users\prpl\Desktop\proctoring-system2\src\main\java\kz\proctoring\controller\AuthController.java
C:\Users\prpl\Desktop\proctoring-system2\src\main\java\kz\proctoring\controller\ExamController.java
C:\Users\prpl\Desktop\proctoring-system2\src\main\java\kz\proctoring\controller\SessionController.java
C:\Users\prpl\Desktop\proctoring-system2\src\main\java\kz\proctoring\controller\UserController.java
C:\Users\prpl\Desktop\proctoring-system2\src\main\java\kz\proctoring\domain\entity\AuditLog.java
C:\Users\prpl\Desktop\proctoring-system2\src\main\java\kz\proctoring\domain\entity\BaseEntity.java
C:\Users\prpl\Desktop\proctoring-system2\src\main\java\kz\proctoring\domain\entity\Exam.java
C:\Users\prpl\Desktop\proctoring-system2\src\main\java\kz\proctoring\domain\entity\ExamSession.java
C:\Users\prpl\Desktop\proctoring-system2\src\main\java\kz\proctoring\domain\entity\SessionEvent.java
C:\Users\prpl\Desktop\proctoring-system2\src\main\java\kz\proctoring\domain\entity\User.java
C:\Users\prpl\Desktop\proctoring-system2\src\main\java\kz\proctoring\domain\enums\AuditAction.java
C:\Users\prpl\Desktop\proctoring-system2\src\main\java\kz\proctoring\domain\enums\EventSeverity.java
C:\Users\prpl\Desktop\proctoring-system2\src\main\java\kz\proctoring\domain\enums\EventType.java
C:\Users\prpl\Desktop\proctoring-system2\src\main\java\kz\proctoring\domain\enums\Role.java
C:\Users\prpl\Desktop\proctoring-system2\src\main\java\kz\proctoring\domain\enums\SessionStatus.java
C:\Users\prpl\Desktop\proctoring-system2\src\main\java\kz\proctoring\dto\request\ChangePasswordRequest.java
C:\Users\prpl\Desktop\proctoring-system2\src\main\java\kz\proctoring\dto\request\ExamRequest.java
C:\Users\prpl\Desktop\proctoring-system2\src\main\java\kz\proctoring\dto\request\LoginRequest.java
C:\Users\prpl\Desktop\proctoring-system2\src\main\java\kz\proctoring\dto\request\RefreshTokenRequest.java
C:\Users\prpl\Desktop\proctoring-system2\src\main\java\kz\proctoring\dto\request\RegisterRequest.java
C:\Users\prpl\Desktop\proctoring-system2\src\main\java\kz\proctoring\dto\request\SessionEventRequest.java
C:\Users\prpl\Desktop\proctoring-system2\src\main\java\kz\proctoring\dto\request\UpdateEmailRequest.java
C:\Users\prpl\Desktop\proctoring-system2\src\main\java\kz\proctoring\dto\response\ApiResponse.java
C:\Users\prpl\Desktop\proctoring-system2\src\main\java\kz\proctoring\dto\response\AuditLogResponse.java
C:\Users\prpl\Desktop\proctoring-system2\src\main\java\kz\proctoring\dto\response\AuthResponse.java
C:\Users\prpl\Desktop\proctoring-system2\src\main\java\kz\proctoring\dto\response\ExamResponse.java
C:\Users\prpl\Desktop\proctoring-system2\src\main\java\kz\proctoring\dto\response\SessionEventResponse.java
C:\Users\prpl\Desktop\proctoring-system2\src\main\java\kz\proctoring\dto\response\SessionReportResponse.java
C:\Users\prpl\Desktop\proctoring-system2\src\main\java\kz\proctoring\dto\response\SessionResponse.java
C:\Users\prpl\Desktop\proctoring-system2\src\main\java\kz\proctoring\dto\response\UserResponse.java
C:\Users\prpl\Desktop\proctoring-system2\src\main\java\kz\proctoring\exception\AppException.java
C:\Users\prpl\Desktop\proctoring-system2\src\main\java\kz\proctoring\exception\GlobalExceptionHandler.java
C:\Users\prpl\Desktop\proctoring-system2\src\main\java\kz\proctoring\kafka\ProctoringEvent.java
C:\Users\prpl\Desktop\proctoring-system2\src\main\java\kz\proctoring\kafka\ProctoringEventConsumer.java
C:\Users\prpl\Desktop\proctoring-system2\src\main\java\kz\proctoring\mapper\ExamMapper.java
C:\Users\prpl\Desktop\proctoring-system2\src\main\java\kz\proctoring\mapper\SessionEventMapper.java
C:\Users\prpl\Desktop\proctoring-system2\src\main\java\kz\proctoring\mapper\SessionMapper.java
C:\Users\prpl\Desktop\proctoring-system2\src\main\java\kz\proctoring\mapper\UserMapper.java
C:\Users\prpl\Desktop\proctoring-system2\src\main\java\kz\proctoring\ProctoringApplication.java
C:\Users\prpl\Desktop\proctoring-system2\src\main\java\kz\proctoring\repository\AuditLogRepository.java
C:\Users\prpl\Desktop\proctoring-system2\src\main\java\kz\proctoring\repository\ExamRepository.java
C:\Users\prpl\Desktop\proctoring-system2\src\main\java\kz\proctoring\repository\ExamSessionRepository.java
C:\Users\prpl\Desktop\proctoring-system2\src\main\java\kz\proctoring\repository\SessionEventRepository.java
C:\Users\prpl\Desktop\proctoring-system2\src\main\java\kz\proctoring\repository\UserRepository.java
C:\Users\prpl\Desktop\proctoring-system2\src\main\java\kz\proctoring\security\JwtAuthFilter.java
C:\Users\prpl\Desktop\proctoring-system2\src\main\java\kz\proctoring\security\JwtService.java
C:\Users\prpl\Desktop\proctoring-system2\src\main\java\kz\proctoring\security\UserDetailsServiceImpl.java
C:\Users\prpl\Desktop\proctoring-system2\src\main\java\kz\proctoring\service\AuditService.java
C:\Users\prpl\Desktop\proctoring-system2\src\main\java\kz\proctoring\service\AuthService.java
C:\Users\prpl\Desktop\proctoring-system2\src\main\java\kz\proctoring\service\ExamService.java
C:\Users\prpl\Desktop\proctoring-system2\src\main\java\kz\proctoring\service\SessionService.java
C:\Users\prpl\Desktop\proctoring-system2\src\main\java\kz\proctoring\service\UserService.java
